// Jest Snapshot v1, https://goo.gl/fbAQLP

exports[`AtDivider Snap render AtDivider -- props btnText 1`] = `"<div class=\\"\\"><div class=\\"taro-canvas\\" style=\\"position:fixed;left:-1000px;top:-1000px;width:100%;height:100%;\\"><canvas canvasId=\\"canvas\\" width=\\"300\\" height=\\"150\\"></canvas></div><div id=\\"indexes-ellipsis-AOTU2018\\" class=\\"at-ellipsis at-ellipsis--WEB at-ellipsis--lineclamp\\"><div style=\\"font-size:14px;color:#646A73;\\" class=\\"at-ellipsis__block\\">测试测试测试测试测试</div>undefinedundefined</div></div>"`;

exports[`AtDivider Snap render AtDivider -- props expand 1`] = `"<div class=\\"\\"><div class=\\"taro-canvas\\" style=\\"position:fixed;left:-1000px;top:-1000px;width:100%;height:100%;\\"><canvas canvasId=\\"canvas\\" width=\\"300\\" height=\\"150\\"></canvas></div><div id=\\"indexes-ellipsis-AOTU2018\\" class=\\"at-ellipsis at-ellipsis--WEB at-ellipsis--lineclamp\\"><div style=\\"font-size:14px;color:#646A73;\\" class=\\"at-ellipsis__block\\">测试测试测试测试测试</div>undefinedundefined</div></div>"`;

exports[`AtDivider Snap render AtEllipsis -- props lines 1`] = `"<div id=\\"indexes-ellipsis-AOTU2018\\" style=\\"-webkit-line-clamp:2;\\" class=\\"at-ellipsis at-ellipsis--WEB at-ellipsis--lineclamp\\">测试测试测试测试</div>"`;

exports[`AtDivider Snap render AtEllipsis -- props text 1`] = `"<div class=\\"\\"><div class=\\"taro-canvas\\" style=\\"position:fixed;left:-1000px;top:-1000px;width:100%;height:100%;\\"><canvas canvasId=\\"canvas\\" width=\\"300\\" height=\\"150\\"></canvas></div><div id=\\"indexes-ellipsis-AOTU2018\\" class=\\"at-ellipsis at-ellipsis--WEB at-ellipsis--lineclamp\\"><div style=\\"font-size:14px;color:#646A73;\\" class=\\"at-ellipsis__block\\">测试测试测试测试测试</div>undefined<div style=\\"font-size:14px;color:#646A73;\\" class=\\"\\">测试测试测试测试测试</div>undefined</div></div>"`;
